[2026-07-04 01:59:51] act-print-1630.pdf
  Error: 24 validation errors for PointStruct
vector.list[float]
  Input should be a valid list [type=list_type, input_value={'law_dense_vector': [-0....'law_sparse_vector': {}}, input_type=dict]
    For further information visit https://errors.pydantic.dev/2.13/v/list_type
vector.list[list[float]]
  Input should be a valid list [type=list_type, input_value={'law_dense_vector': [-0....'law_sparse_vector': {}}, input_type=dict]
    For further information visit https://errors.pydantic.dev/2.13/v/list_type
vector.dict[str,union[list[float],SparseVector,list[list[float]],Document,Image,InferenceObject]].law_sparse_vector.list[float]
  Input should be a valid list [type=list_type, input_value={}, input_type=dict]
    For further information visit https://errors.pydantic.dev/2.13/v/list_type
vector.dict[str,union[list[float],SparseVector,list[list[float]],Document,Image,InferenceObject]].law_sparse_vector.SparseVector.indices
  Field required [type=missing, input_value={}, input_type=dict]
    For further information visit https://errors.pydantic.dev/2.13/v/missing
vector.dict[str,union[list[float],SparseVector,list[list[float]],Document,Image,InferenceObject]].law_sparse_vector.SparseVector.values
  Field required [type=missing, input_value={}, input_type=dict]
    For further information visit https://errors.pydantic.dev/2.13/v/missing
vector.dict[str,union[list[float],SparseVector,list[list[float]],Document,Image,InferenceObject]].law_sparse_vector.list[list[float]]
  Input should be a valid list [type=list_type, input_value={}, input_type=dict]
    For further information visit https://errors.pydantic.dev/2.13/v/list_type
vector.dict[str,union[list[float],SparseVector,list[list[float]],Document,Image,InferenceObject]].law_sparse_vector.Document.text
  Field required [type=missing, input_value={}, input_type=dict]
    For further information visit https://errors.pydantic.dev/2.13/v/missing
vector.dict[str,union[list[float],SparseVector,list[list[float]],Document,Image,InferenceObject]].law_sparse_vector.Document.model
  Field required [type=missing, input_value={}, input_type=dict]
    For further information visit https://errors.pydantic.dev/2.13/v/missing
vector.dict[str,union[list[float],SparseVector,list[list[float]],Document,Image,InferenceObject]].law_sparse_vector.Image.image
  Field required [type=missing, input_value={}, input_type=dict]
    For further information visit https://errors.pydantic.dev/2.13/v/missing
vector.dict[str,union[list[float],SparseVector,list[list[float]],Document,Image,InferenceObject]].law_sparse_vector.Image.model
  Field required [type=missing, input_value={}, input_type=dict]
    For further information visit https://errors.pydantic.dev/2.13/v/missing
vector.dict[str,union[list[float],SparseVector,list[list[float]],Document,Image,InferenceObject]].law_sparse_vector.InferenceObject.object
  Field required [type=missing, input_value={}, input_type=dict]
    For further information visit https://errors.pydantic.dev/2.13/v/missing
vector.dict[str,union[list[float],SparseVector,list[list[float]],Document,Image,InferenceObject]].law_sparse_vector.InferenceObject.model
  Field required [type=missing, input_value={}, input_type=dict]
    For further information visit https://errors.pydantic.dev/2.13/v/missing
vector.Document.text
  Field required [type=missing, input_value={'law_dense_vector': [-0....'law_sparse_vector': {}}, input_type=dict]
    For further information visit https://errors.pydantic.dev/2.13/v/missing
vector.Document.model
  Field required [type=missing, input_value={'law_dense_vector': [-0....'law_sparse_vector': {}}, input_type=dict]
    For further information visit https://errors.pydantic.dev/2.13/v/missing
vector.Document.law_dense_vector
  Extra inputs are not permitted [type=extra_forbidden, input_value=[-0.05735783651471138, 0...., -0.020428743213415146], input_type=list]
    For further information visit https://errors.pydantic.dev/2.13/v/extra_forbidden
vector.Document.law_sparse_vector
  Extra inputs are not permitted [type=extra_forbidden, input_value={}, input_type=dict]
    For further information visit https://errors.pydantic.dev/2.13/v/extra_forbidden
vector.Image.image
  Field required [type=missing, input_value={'law_dense_vector': [-0....'law_sparse_vector': {}}, input_type=dict]
    For further information visit https://errors.pydantic.dev/2.13/v/missing
vector.Image.model
  Field required [type=missing, input_value={'law_dense_vector': [-0....'law_sparse_vector': {}}, input_type=dict]
    For further information visit https://errors.pydantic.dev/2.13/v/missing
vector.Image.law_dense_vector
  Extra inputs are not permitted [type=extra_forbidden, input_value=[-0.05735783651471138, 0...., -0.020428743213415146], input_type=list]
    For further information visit https://errors.pydantic.dev/2.13/v/extra_forbidden
vector.Image.law_sparse_vector
  Extra inputs are not permitted [type=extra_forbidden, input_value={}, input_type=dict]
    For further information visit https://errors.pydantic.dev/2.13/v/extra_forbidden
vector.InferenceObject.object
  Field required [type=missing, input_value={'law_dense_vector': [-0....'law_sparse_vector': {}}, input_type=dict]
    For further information visit https://errors.pydantic.dev/2.13/v/missing
vector.InferenceObject.model
  Field required [type=missing, input_value={'law_dense_vector': [-0....'law_sparse_vector': {}}, input_type=dict]
    For further information visit https://errors.pydantic.dev/2.13/v/missing
vector.InferenceObject.law_dense_vector
  Extra inputs are not permitted [type=extra_forbidden, input_value=[-0.05735783651471138, 0...., -0.020428743213415146], input_type=list]
    For further information visit https://errors.pydantic.dev/2.13/v/extra_forbidden
vector.InferenceObject.law_sparse_vector
  Extra inputs are not permitted [type=extra_forbidden, input_value={}, input_type=dict]
    For further information visit https://errors.pydantic.dev/2.13/v/extra_forbidden
  File: data\act-print-1630.pdf

[2026-07-04 02:00:01] act-print-1631.pdf
  Error: 24 validation errors for PointStruct
vector.list[float]
  Input should be a valid list [type=list_type, input_value={'law_dense_vector': [-0....'law_sparse_vector': {}}, input_type=dict]
    For further information visit https://errors.pydantic.dev/2.13/v/list_type
vector.list[list[float]]
  Input should be a valid list [type=list_type, input_value={'law_dense_vector': [-0....'law_sparse_vector': {}}, input_type=dict]
    For further information visit https://errors.pydantic.dev/2.13/v/list_type
vector.dict[str,union[list[float],SparseVector,list[list[float]],Document,Image,InferenceObject]].law_sparse_vector.list[float]
  Input should be a valid list [type=list_type, input_value={}, input_type=dict]
    For further information visit https://errors.pydantic.dev/2.13/v/list_type
vector.dict[str,union[list[float],SparseVector,list[list[float]],Document,Image,InferenceObject]].law_sparse_vector.SparseVector.indices
  Field required [type=missing, input_value={}, input_type=dict]
    For further information visit https://errors.pydantic.dev/2.13/v/missing
vector.dict[str,union[list[float],SparseVector,list[list[float]],Document,Image,InferenceObject]].law_sparse_vector.SparseVector.values
  Field required [type=missing, input_value={}, input_type=dict]
    For further information visit https://errors.pydantic.dev/2.13/v/missing
vector.dict[str,union[list[float],SparseVector,list[list[float]],Document,Image,InferenceObject]].law_sparse_vector.list[list[float]]
  Input should be a valid list [type=list_type, input_value={}, input_type=dict]
    For further information visit https://errors.pydantic.dev/2.13/v/list_type
vector.dict[str,union[list[float],SparseVector,list[list[float]],Document,Image,InferenceObject]].law_sparse_vector.Document.text
  Field required [type=missing, input_value={}, input_type=dict]
    For further information visit https://errors.pydantic.dev/2.13/v/missing
vector.dict[str,union[list[float],SparseVector,list[list[float]],Document,Image,InferenceObject]].law_sparse_vector.Document.model
  Field required [type=missing, input_value={}, input_type=dict]
    For further information visit https://errors.pydantic.dev/2.13/v/missing
vector.dict[str,union[list[float],SparseVector,list[list[float]],Document,Image,InferenceObject]].law_sparse_vector.Image.image
  Field required [type=missing, input_value={}, input_type=dict]
    For further information visit https://errors.pydantic.dev/2.13/v/missing
vector.dict[str,union[list[float],SparseVector,list[list[float]],Document,Image,InferenceObject]].law_sparse_vector.Image.model
  Field required [type=missing, input_value={}, input_type=dict]
    For further information visit https://errors.pydantic.dev/2.13/v/missing
vector.dict[str,union[list[float],SparseVector,list[list[float]],Document,Image,InferenceObject]].law_sparse_vector.InferenceObject.object
  Field required [type=missing, input_value={}, input_type=dict]
    For further information visit https://errors.pydantic.dev/2.13/v/missing
vector.dict[str,union[list[float],SparseVector,list[list[float]],Document,Image,InferenceObject]].law_sparse_vector.InferenceObject.model
  Field required [type=missing, input_value={}, input_type=dict]
    For further information visit https://errors.pydantic.dev/2.13/v/missing
vector.Document.text
  Field required [type=missing, input_value={'law_dense_vector': [-0....'law_sparse_vector': {}}, input_type=dict]
    For further information visit https://errors.pydantic.dev/2.13/v/missing
vector.Document.model
  Field required [type=missing, input_value={'law_dense_vector': [-0....'law_sparse_vector': {}}, input_type=dict]
    For further information visit https://errors.pydantic.dev/2.13/v/missing
vector.Document.law_dense_vector
  Extra inputs are not permitted [type=extra_forbidden, input_value=[-0.015257909893989563, 0...9, -0.05084620788693428], input_type=list]
    For further information visit https://errors.pydantic.dev/2.13/v/extra_forbidden
vector.Document.law_sparse_vector
  Extra inputs are not permitted [type=extra_forbidden, input_value={}, input_type=dict]
    For further information visit https://errors.pydantic.dev/2.13/v/extra_forbidden
vector.Image.image
  Field required [type=missing, input_value={'law_dense_vector': [-0....'law_sparse_vector': {}}, input_type=dict]
    For further information visit https://errors.pydantic.dev/2.13/v/missing
vector.Image.model
  Field required [type=missing, input_value={'law_dense_vector': [-0....'law_sparse_vector': {}}, input_type=dict]
    For further information visit https://errors.pydantic.dev/2.13/v/missing
vector.Image.law_dense_vector
  Extra inputs are not permitted [type=extra_forbidden, input_value=[-0.015257909893989563, 0...9, -0.05084620788693428], input_type=list]
    For further information visit https://errors.pydantic.dev/2.13/v/extra_forbidden
vector.Image.law_sparse_vector
  Extra inputs are not permitted [type=extra_forbidden, input_value={}, input_type=dict]
    For further information visit https://errors.pydantic.dev/2.13/v/extra_forbidden
vector.InferenceObject.object
  Field required [type=missing, input_value={'law_dense_vector': [-0....'law_sparse_vector': {}}, input_type=dict]
    For further information visit https://errors.pydantic.dev/2.13/v/missing
vector.InferenceObject.model
  Field required [type=missing, input_value={'law_dense_vector': [-0....'law_sparse_vector': {}}, input_type=dict]
    For further information visit https://errors.pydantic.dev/2.13/v/missing
vector.InferenceObject.law_dense_vector
  Extra inputs are not permitted [type=extra_forbidden, input_value=[-0.015257909893989563, 0...9, -0.05084620788693428], input_type=list]
    For further information visit https://errors.pydantic.dev/2.13/v/extra_forbidden
vector.InferenceObject.law_sparse_vector
  Extra inputs are not permitted [type=extra_forbidden, input_value={}, input_type=dict]
    For further information visit https://errors.pydantic.dev/2.13/v/extra_forbidden
  File: data\act-print-1631.pdf

[2026-07-04 02:03:11] act-print-1632.pdf
  Error: 24 validation errors for PointStruct
vector.list[float]
  Input should be a valid list [type=list_type, input_value={'law_dense_vector': [-0....'law_sparse_vector': {}}, input_type=dict]
    For further information visit https://errors.pydantic.dev/2.13/v/list_type
vector.list[list[float]]
  Input should be a valid list [type=list_type, input_value={'law_dense_vector': [-0....'law_sparse_vector': {}}, input_type=dict]
    For further information visit https://errors.pydantic.dev/2.13/v/list_type
vector.dict[str,union[list[float],SparseVector,list[list[float]],Document,Image,InferenceObject]].law_sparse_vector.list[float]
  Input should be a valid list [type=list_type, input_value={}, input_type=dict]
    For further information visit https://errors.pydantic.dev/2.13/v/list_type
vector.dict[str,union[list[float],SparseVector,list[list[float]],Document,Image,InferenceObject]].law_sparse_vector.SparseVector.indices
  Field required [type=missing, input_value={}, input_type=dict]
    For further information visit https://errors.pydantic.dev/2.13/v/missing
vector.dict[str,union[list[float],SparseVector,list[list[float]],Document,Image,InferenceObject]].law_sparse_vector.SparseVector.values
  Field required [type=missing, input_value={}, input_type=dict]
    For further information visit https://errors.pydantic.dev/2.13/v/missing
vector.dict[str,union[list[float],SparseVector,list[list[float]],Document,Image,InferenceObject]].law_sparse_vector.list[list[float]]
  Input should be a valid list [type=list_type, input_value={}, input_type=dict]
    For further information visit https://errors.pydantic.dev/2.13/v/list_type
vector.dict[str,union[list[float],SparseVector,list[list[float]],Document,Image,InferenceObject]].law_sparse_vector.Document.text
  Field required [type=missing, input_value={}, input_type=dict]
    For further information visit https://errors.pydantic.dev/2.13/v/missing
vector.dict[str,union[list[float],SparseVector,list[list[float]],Document,Image,InferenceObject]].law_sparse_vector.Document.model
  Field required [type=missing, input_value={}, input_type=dict]
    For further information visit https://errors.pydantic.dev/2.13/v/missing
vector.dict[str,union[list[float],SparseVector,list[list[float]],Document,Image,InferenceObject]].law_sparse_vector.Image.image
  Field required [type=missing, input_value={}, input_type=dict]
    For further information visit https://errors.pydantic.dev/2.13/v/missing
vector.dict[str,union[list[float],SparseVector,list[list[float]],Document,Image,InferenceObject]].law_sparse_vector.Image.model
  Field required [type=missing, input_value={}, input_type=dict]
    For further information visit https://errors.pydantic.dev/2.13/v/missing
vector.dict[str,union[list[float],SparseVector,list[list[float]],Document,Image,InferenceObject]].law_sparse_vector.InferenceObject.object
  Field required [type=missing, input_value={}, input_type=dict]
    For further information visit https://errors.pydantic.dev/2.13/v/missing
vector.dict[str,union[list[float],SparseVector,list[list[float]],Document,Image,InferenceObject]].law_sparse_vector.InferenceObject.model
  Field required [type=missing, input_value={}, input_type=dict]
    For further information visit https://errors.pydantic.dev/2.13/v/missing
vector.Document.text
  Field required [type=missing, input_value={'law_dense_vector': [-0....'law_sparse_vector': {}}, input_type=dict]
    For further information visit https://errors.pydantic.dev/2.13/v/missing
vector.Document.model
  Field required [type=missing, input_value={'law_dense_vector': [-0....'law_sparse_vector': {}}, input_type=dict]
    For further information visit https://errors.pydantic.dev/2.13/v/missing
vector.Document.law_dense_vector
  Extra inputs are not permitted [type=extra_forbidden, input_value=[-0.028814880177378654, 0..., -0.026743467897176743], input_type=list]
    For further information visit https://errors.pydantic.dev/2.13/v/extra_forbidden
vector.Document.law_sparse_vector
  Extra inputs are not permitted [type=extra_forbidden, input_value={}, input_type=dict]
    For further information visit https://errors.pydantic.dev/2.13/v/extra_forbidden
vector.Image.image
  Field required [type=missing, input_value={'law_dense_vector': [-0....'law_sparse_vector': {}}, input_type=dict]
    For further information visit https://errors.pydantic.dev/2.13/v/missing
vector.Image.model
  Field required [type=missing, input_value={'law_dense_vector': [-0....'law_sparse_vector': {}}, input_type=dict]
    For further information visit https://errors.pydantic.dev/2.13/v/missing
vector.Image.law_dense_vector
  Extra inputs are not permitted [type=extra_forbidden, input_value=[-0.028814880177378654, 0..., -0.026743467897176743], input_type=list]
    For further information visit https://errors.pydantic.dev/2.13/v/extra_forbidden
vector.Image.law_sparse_vector
  Extra inputs are not permitted [type=extra_forbidden, input_value={}, input_type=dict]
    For further information visit https://errors.pydantic.dev/2.13/v/extra_forbidden
vector.InferenceObject.object
  Field required [type=missing, input_value={'law_dense_vector': [-0....'law_sparse_vector': {}}, input_type=dict]
    For further information visit https://errors.pydantic.dev/2.13/v/missing
vector.InferenceObject.model
  Field required [type=missing, input_value={'law_dense_vector': [-0....'law_sparse_vector': {}}, input_type=dict]
    For further information visit https://errors.pydantic.dev/2.13/v/missing
vector.InferenceObject.law_dense_vector
  Extra inputs are not permitted [type=extra_forbidden, input_value=[-0.028814880177378654, 0..., -0.026743467897176743], input_type=list]
    For further information visit https://errors.pydantic.dev/2.13/v/extra_forbidden
vector.InferenceObject.law_sparse_vector
  Extra inputs are not permitted [type=extra_forbidden, input_value={}, input_type=dict]
    For further information visit https://errors.pydantic.dev/2.13/v/extra_forbidden
  File: data\act-print-1632.pdf

[2026-07-04 02:14:56] act-print-1630.pdf
  Error: 24 validation errors for PointStruct
vector.list[float]
  Input should be a valid list [type=list_type, input_value={'law_dense_vector': [-0....'law_sparse_vector': {}}, input_type=dict]
    For further information visit https://errors.pydantic.dev/2.13/v/list_type
vector.list[list[float]]
  Input should be a valid list [type=list_type, input_value={'law_dense_vector': [-0....'law_sparse_vector': {}}, input_type=dict]
    For further information visit https://errors.pydantic.dev/2.13/v/list_type
vector.dict[str,union[list[float],SparseVector,list[list[float]],Document,Image,InferenceObject]].law_sparse_vector.list[float]
  Input should be a valid list [type=list_type, input_value={}, input_type=dict]
    For further information visit https://errors.pydantic.dev/2.13/v/list_type
vector.dict[str,union[list[float],SparseVector,list[list[float]],Document,Image,InferenceObject]].law_sparse_vector.SparseVector.indices
  Field required [type=missing, input_value={}, input_type=dict]
    For further information visit https://errors.pydantic.dev/2.13/v/missing
vector.dict[str,union[list[float],SparseVector,list[list[float]],Document,Image,InferenceObject]].law_sparse_vector.SparseVector.values
  Field required [type=missing, input_value={}, input_type=dict]
    For further information visit https://errors.pydantic.dev/2.13/v/missing
vector.dict[str,union[list[float],SparseVector,list[list[float]],Document,Image,InferenceObject]].law_sparse_vector.list[list[float]]
  Input should be a valid list [type=list_type, input_value={}, input_type=dict]
    For further information visit https://errors.pydantic.dev/2.13/v/list_type
vector.dict[str,union[list[float],SparseVector,list[list[float]],Document,Image,InferenceObject]].law_sparse_vector.Document.text
  Field required [type=missing, input_value={}, input_type=dict]
    For further information visit https://errors.pydantic.dev/2.13/v/missing
vector.dict[str,union[list[float],SparseVector,list[list[float]],Document,Image,InferenceObject]].law_sparse_vector.Document.model
  Field required [type=missing, input_value={}, input_type=dict]
    For further information visit https://errors.pydantic.dev/2.13/v/missing
vector.dict[str,union[list[float],SparseVector,list[list[float]],Document,Image,InferenceObject]].law_sparse_vector.Image.image
  Field required [type=missing, input_value={}, input_type=dict]
    For further information visit https://errors.pydantic.dev/2.13/v/missing
vector.dict[str,union[list[float],SparseVector,list[list[float]],Document,Image,InferenceObject]].law_sparse_vector.Image.model
  Field required [type=missing, input_value={}, input_type=dict]
    For further information visit https://errors.pydantic.dev/2.13/v/missing
vector.dict[str,union[list[float],SparseVector,list[list[float]],Document,Image,InferenceObject]].law_sparse_vector.InferenceObject.object
  Field required [type=missing, input_value={}, input_type=dict]
    For further information visit https://errors.pydantic.dev/2.13/v/missing
vector.dict[str,union[list[float],SparseVector,list[list[float]],Document,Image,InferenceObject]].law_sparse_vector.InferenceObject.model
  Field required [type=missing, input_value={}, input_type=dict]
    For further information visit https://errors.pydantic.dev/2.13/v/missing
vector.Document.text
  Field required [type=missing, input_value={'law_dense_vector': [-0....'law_sparse_vector': {}}, input_type=dict]
    For further information visit https://errors.pydantic.dev/2.13/v/missing
vector.Document.model
  Field required [type=missing, input_value={'law_dense_vector': [-0....'law_sparse_vector': {}}, input_type=dict]
    For further information visit https://errors.pydantic.dev/2.13/v/missing
vector.Document.law_dense_vector
  Extra inputs are not permitted [type=extra_forbidden, input_value=[-0.05735783651471138, 0...., -0.020428743213415146], input_type=list]
    For further information visit https://errors.pydantic.dev/2.13/v/extra_forbidden
vector.Document.law_sparse_vector
  Extra inputs are not permitted [type=extra_forbidden, input_value={}, input_type=dict]
    For further information visit https://errors.pydantic.dev/2.13/v/extra_forbidden
vector.Image.image
  Field required [type=missing, input_value={'law_dense_vector': [-0....'law_sparse_vector': {}}, input_type=dict]
    For further information visit https://errors.pydantic.dev/2.13/v/missing
vector.Image.model
  Field required [type=missing, input_value={'law_dense_vector': [-0....'law_sparse_vector': {}}, input_type=dict]
    For further information visit https://errors.pydantic.dev/2.13/v/missing
vector.Image.law_dense_vector
  Extra inputs are not permitted [type=extra_forbidden, input_value=[-0.05735783651471138, 0...., -0.020428743213415146], input_type=list]
    For further information visit https://errors.pydantic.dev/2.13/v/extra_forbidden
vector.Image.law_sparse_vector
  Extra inputs are not permitted [type=extra_forbidden, input_value={}, input_type=dict]
    For further information visit https://errors.pydantic.dev/2.13/v/extra_forbidden
vector.InferenceObject.object
  Field required [type=missing, input_value={'law_dense_vector': [-0....'law_sparse_vector': {}}, input_type=dict]
    For further information visit https://errors.pydantic.dev/2.13/v/missing
vector.InferenceObject.model
  Field required [type=missing, input_value={'law_dense_vector': [-0....'law_sparse_vector': {}}, input_type=dict]
    For further information visit https://errors.pydantic.dev/2.13/v/missing
vector.InferenceObject.law_dense_vector
  Extra inputs are not permitted [type=extra_forbidden, input_value=[-0.05735783651471138, 0...., -0.020428743213415146], input_type=list]
    For further information visit https://errors.pydantic.dev/2.13/v/extra_forbidden
vector.InferenceObject.law_sparse_vector
  Extra inputs are not permitted [type=extra_forbidden, input_value={}, input_type=dict]
    For further information visit https://errors.pydantic.dev/2.13/v/extra_forbidden
  File: data\act-print-1630.pdf

[2026-07-04 02:15:10] act-print-1631.pdf
  Error: 24 validation errors for PointStruct
vector.list[float]
  Input should be a valid list [type=list_type, input_value={'law_dense_vector': [-0....'law_sparse_vector': {}}, input_type=dict]
    For further information visit https://errors.pydantic.dev/2.13/v/list_type
vector.list[list[float]]
  Input should be a valid list [type=list_type, input_value={'law_dense_vector': [-0....'law_sparse_vector': {}}, input_type=dict]
    For further information visit https://errors.pydantic.dev/2.13/v/list_type
vector.dict[str,union[list[float],SparseVector,list[list[float]],Document,Image,InferenceObject]].law_sparse_vector.list[float]
  Input should be a valid list [type=list_type, input_value={}, input_type=dict]
    For further information visit https://errors.pydantic.dev/2.13/v/list_type
vector.dict[str,union[list[float],SparseVector,list[list[float]],Document,Image,InferenceObject]].law_sparse_vector.SparseVector.indices
  Field required [type=missing, input_value={}, input_type=dict]
    For further information visit https://errors.pydantic.dev/2.13/v/missing
vector.dict[str,union[list[float],SparseVector,list[list[float]],Document,Image,InferenceObject]].law_sparse_vector.SparseVector.values
  Field required [type=missing, input_value={}, input_type=dict]
    For further information visit https://errors.pydantic.dev/2.13/v/missing
vector.dict[str,union[list[float],SparseVector,list[list[float]],Document,Image,InferenceObject]].law_sparse_vector.list[list[float]]
  Input should be a valid list [type=list_type, input_value={}, input_type=dict]
    For further information visit https://errors.pydantic.dev/2.13/v/list_type
vector.dict[str,union[list[float],SparseVector,list[list[float]],Document,Image,InferenceObject]].law_sparse_vector.Document.text
  Field required [type=missing, input_value={}, input_type=dict]
    For further information visit https://errors.pydantic.dev/2.13/v/missing
vector.dict[str,union[list[float],SparseVector,list[list[float]],Document,Image,InferenceObject]].law_sparse_vector.Document.model
  Field required [type=missing, input_value={}, input_type=dict]
    For further information visit https://errors.pydantic.dev/2.13/v/missing
vector.dict[str,union[list[float],SparseVector,list[list[float]],Document,Image,InferenceObject]].law_sparse_vector.Image.image
  Field required [type=missing, input_value={}, input_type=dict]
    For further information visit https://errors.pydantic.dev/2.13/v/missing
vector.dict[str,union[list[float],SparseVector,list[list[float]],Document,Image,InferenceObject]].law_sparse_vector.Image.model
  Field required [type=missing, input_value={}, input_type=dict]
    For further information visit https://errors.pydantic.dev/2.13/v/missing
vector.dict[str,union[list[float],SparseVector,list[list[float]],Document,Image,InferenceObject]].law_sparse_vector.InferenceObject.object
  Field required [type=missing, input_value={}, input_type=dict]
    For further information visit https://errors.pydantic.dev/2.13/v/missing
vector.dict[str,union[list[float],SparseVector,list[list[float]],Document,Image,InferenceObject]].law_sparse_vector.InferenceObject.model
  Field required [type=missing, input_value={}, input_type=dict]
    For further information visit https://errors.pydantic.dev/2.13/v/missing
vector.Document.text
  Field required [type=missing, input_value={'law_dense_vector': [-0....'law_sparse_vector': {}}, input_type=dict]
    For further information visit https://errors.pydantic.dev/2.13/v/missing
vector.Document.model
  Field required [type=missing, input_value={'law_dense_vector': [-0....'law_sparse_vector': {}}, input_type=dict]
    For further information visit https://errors.pydantic.dev/2.13/v/missing
vector.Document.law_dense_vector
  Extra inputs are not permitted [type=extra_forbidden, input_value=[-0.015257909893989563, 0...9, -0.05084620788693428], input_type=list]
    For further information visit https://errors.pydantic.dev/2.13/v/extra_forbidden
vector.Document.law_sparse_vector
  Extra inputs are not permitted [type=extra_forbidden, input_value={}, input_type=dict]
    For further information visit https://errors.pydantic.dev/2.13/v/extra_forbidden
vector.Image.image
  Field required [type=missing, input_value={'law_dense_vector': [-0....'law_sparse_vector': {}}, input_type=dict]
    For further information visit https://errors.pydantic.dev/2.13/v/missing
vector.Image.model
  Field required [type=missing, input_value={'law_dense_vector': [-0....'law_sparse_vector': {}}, input_type=dict]
    For further information visit https://errors.pydantic.dev/2.13/v/missing
vector.Image.law_dense_vector
  Extra inputs are not permitted [type=extra_forbidden, input_value=[-0.015257909893989563, 0...9, -0.05084620788693428], input_type=list]
    For further information visit https://errors.pydantic.dev/2.13/v/extra_forbidden
vector.Image.law_sparse_vector
  Extra inputs are not permitted [type=extra_forbidden, input_value={}, input_type=dict]
    For further information visit https://errors.pydantic.dev/2.13/v/extra_forbidden
vector.InferenceObject.object
  Field required [type=missing, input_value={'law_dense_vector': [-0....'law_sparse_vector': {}}, input_type=dict]
    For further information visit https://errors.pydantic.dev/2.13/v/missing
vector.InferenceObject.model
  Field required [type=missing, input_value={'law_dense_vector': [-0....'law_sparse_vector': {}}, input_type=dict]
    For further information visit https://errors.pydantic.dev/2.13/v/missing
vector.InferenceObject.law_dense_vector
  Extra inputs are not permitted [type=extra_forbidden, input_value=[-0.015257909893989563, 0...9, -0.05084620788693428], input_type=list]
    For further information visit https://errors.pydantic.dev/2.13/v/extra_forbidden
vector.InferenceObject.law_sparse_vector
  Extra inputs are not permitted [type=extra_forbidden, input_value={}, input_type=dict]
    For further information visit https://errors.pydantic.dev/2.13/v/extra_forbidden
  File: data\act-print-1631.pdf

[2026-07-04 02:18:22] act-print-1632.pdf
  Error: 24 validation errors for PointStruct
vector.list[float]
  Input should be a valid list [type=list_type, input_value={'law_dense_vector': [-0....'law_sparse_vector': {}}, input_type=dict]
    For further information visit https://errors.pydantic.dev/2.13/v/list_type
vector.list[list[float]]
  Input should be a valid list [type=list_type, input_value={'law_dense_vector': [-0....'law_sparse_vector': {}}, input_type=dict]
    For further information visit https://errors.pydantic.dev/2.13/v/list_type
vector.dict[str,union[list[float],SparseVector,list[list[float]],Document,Image,InferenceObject]].law_sparse_vector.list[float]
  Input should be a valid list [type=list_type, input_value={}, input_type=dict]
    For further information visit https://errors.pydantic.dev/2.13/v/list_type
vector.dict[str,union[list[float],SparseVector,list[list[float]],Document,Image,InferenceObject]].law_sparse_vector.SparseVector.indices
  Field required [type=missing, input_value={}, input_type=dict]
    For further information visit https://errors.pydantic.dev/2.13/v/missing
vector.dict[str,union[list[float],SparseVector,list[list[float]],Document,Image,InferenceObject]].law_sparse_vector.SparseVector.values
  Field required [type=missing, input_value={}, input_type=dict]
    For further information visit https://errors.pydantic.dev/2.13/v/missing
vector.dict[str,union[list[float],SparseVector,list[list[float]],Document,Image,InferenceObject]].law_sparse_vector.list[list[float]]
  Input should be a valid list [type=list_type, input_value={}, input_type=dict]
    For further information visit https://errors.pydantic.dev/2.13/v/list_type
vector.dict[str,union[list[float],SparseVector,list[list[float]],Document,Image,InferenceObject]].law_sparse_vector.Document.text
  Field required [type=missing, input_value={}, input_type=dict]
    For further information visit https://errors.pydantic.dev/2.13/v/missing
vector.dict[str,union[list[float],SparseVector,list[list[float]],Document,Image,InferenceObject]].law_sparse_vector.Document.model
  Field required [type=missing, input_value={}, input_type=dict]
    For further information visit https://errors.pydantic.dev/2.13/v/missing
vector.dict[str,union[list[float],SparseVector,list[list[float]],Document,Image,InferenceObject]].law_sparse_vector.Image.image
  Field required [type=missing, input_value={}, input_type=dict]
    For further information visit https://errors.pydantic.dev/2.13/v/missing
vector.dict[str,union[list[float],SparseVector,list[list[float]],Document,Image,InferenceObject]].law_sparse_vector.Image.model
  Field required [type=missing, input_value={}, input_type=dict]
    For further information visit https://errors.pydantic.dev/2.13/v/missing
vector.dict[str,union[list[float],SparseVector,list[list[float]],Document,Image,InferenceObject]].law_sparse_vector.InferenceObject.object
  Field required [type=missing, input_value={}, input_type=dict]
    For further information visit https://errors.pydantic.dev/2.13/v/missing
vector.dict[str,union[list[float],SparseVector,list[list[float]],Document,Image,InferenceObject]].law_sparse_vector.InferenceObject.model
  Field required [type=missing, input_value={}, input_type=dict]
    For further information visit https://errors.pydantic.dev/2.13/v/missing
vector.Document.text
  Field required [type=missing, input_value={'law_dense_vector': [-0....'law_sparse_vector': {}}, input_type=dict]
    For further information visit https://errors.pydantic.dev/2.13/v/missing
vector.Document.model
  Field required [type=missing, input_value={'law_dense_vector': [-0....'law_sparse_vector': {}}, input_type=dict]
    For further information visit https://errors.pydantic.dev/2.13/v/missing
vector.Document.law_dense_vector
  Extra inputs are not permitted [type=extra_forbidden, input_value=[-0.028814880177378654, 0..., -0.026743467897176743], input_type=list]
    For further information visit https://errors.pydantic.dev/2.13/v/extra_forbidden
vector.Document.law_sparse_vector
  Extra inputs are not permitted [type=extra_forbidden, input_value={}, input_type=dict]
    For further information visit https://errors.pydantic.dev/2.13/v/extra_forbidden
vector.Image.image
  Field required [type=missing, input_value={'law_dense_vector': [-0....'law_sparse_vector': {}}, input_type=dict]
    For further information visit https://errors.pydantic.dev/2.13/v/missing
vector.Image.model
  Field required [type=missing, input_value={'law_dense_vector': [-0....'law_sparse_vector': {}}, input_type=dict]
    For further information visit https://errors.pydantic.dev/2.13/v/missing
vector.Image.law_dense_vector
  Extra inputs are not permitted [type=extra_forbidden, input_value=[-0.028814880177378654, 0..., -0.026743467897176743], input_type=list]
    For further information visit https://errors.pydantic.dev/2.13/v/extra_forbidden
vector.Image.law_sparse_vector
  Extra inputs are not permitted [type=extra_forbidden, input_value={}, input_type=dict]
    For further information visit https://errors.pydantic.dev/2.13/v/extra_forbidden
vector.InferenceObject.object
  Field required [type=missing, input_value={'law_dense_vector': [-0....'law_sparse_vector': {}}, input_type=dict]
    For further information visit https://errors.pydantic.dev/2.13/v/missing
vector.InferenceObject.model
  Field required [type=missing, input_value={'law_dense_vector': [-0....'law_sparse_vector': {}}, input_type=dict]
    For further information visit https://errors.pydantic.dev/2.13/v/missing
vector.InferenceObject.law_dense_vector
  Extra inputs are not permitted [type=extra_forbidden, input_value=[-0.028814880177378654, 0..., -0.026743467897176743], input_type=list]
    For further information visit https://errors.pydantic.dev/2.13/v/extra_forbidden
vector.InferenceObject.law_sparse_vector
  Extra inputs are not permitted [type=extra_forbidden, input_value={}, input_type=dict]
    For further information visit https://errors.pydantic.dev/2.13/v/extra_forbidden
  File: data\act-print-1632.pdf

